<?xml version="1.0" encoding="UTF-8"?>
<TestRun id="08d1b9f5-cabf-4356-a18e-7a0fa3255c73" name="Adam@SHUTTLE 2010-12-19 11:17:22" runUser="Shuttle\Adam" xmlns="http://microsoft.com/schemas/VisualStudio/TeamTest/2010">
  <TestSettings name="Local" id="187aa8b9-72a2-45f1-8300-4b62a3d082ce">
    <Description>These are default test settings for a local test run.</Description>
    <Deployment enabled="false" runDeploymentRoot="Adam_SHUTTLE 2010-12-19 11_17_22">
      <DeploymentItem filename="C:\Users\Adam\Documents\Books\Pro MVC 3\repository\Source Code\Moq 4.0 Library\Moq.dll" />
      <DeploymentItem filename="C:\Users\Adam\Documents\Books\Pro MVC 3\repository\Source Code\Ninject 2.0 Library\Ninject.dll" />
      <DeploymentItem filename="C:\Users\Adam\Documents\Books\Pro MVC 3\repository\Source Code\06 - Essential Tools\8. Using Moq\ProductApp\bin\Debug\ProductApp.exe" />
    </Deployment>
    <Execution>
      <TestTypeSpecific />
      <AgentRule name="Execution Agents">
      </AgentRule>
    </Execution>
  </TestSettings>
  <Times creation="2010-12-19T11:17:22.6074121+00:00" queuing="2010-12-19T11:17:22.6304134+00:00" start="2010-12-19T11:17:22.6884168+00:00" finish="2010-12-19T11:17:23.4730564+00:00" />
  <ResultSummary outcome="Completed">
    <Counters total="4" executed="4" passed="4" error="0" failed="0" timeout="0" aborted="0" inconclusive="0" passedButRunAborted="0" notRunnable="0" notExecuted="0" disconnected="0" warning="0" completed="0" inProgress="0" pending="0" />
  </ResultSummary>
  <TestDefinitions>
    <UnitTest name="All_Prices_Are_Reduced" storage="c:\users\adam\documents\books\pro mvc 3\repository\source code\06 - essential tools\8. using moq\productapp.tests\bin\debug\productapp.tests.dll" id="7f84dc69-e051-e299-4937-eec64916109b">
      <Execution id="51dc8539-1900-46ab-a81d-22ae9deef0ac" />
      <TestMethod codeBase="C:/Users/Adam/Documents/Books/Pro MVC 3/repository/Source Code/06 - Essential Tools/8. Using Moq/ProductApp.Tests/bin/Debug/ProductApp.Tests.DLL" adapterTypeName="Microsoft.VisualStudio.TestTools.TestTypes.Unit.UnitTestAdapter, Microsoft.VisualStudio.QualityTools.Tips.UnitTest.Adapter, Version=10.0.0.0, Culture=neutral, PublicKeyToken=b03f5f7f11d50a3a" className="ProductApp.Tests.MyPriceReducerTest, ProductApp.Tests, Version=1.0.0.0, Culture=neutral, PublicKeyToken=null" name="All_Prices_Are_Reduced" />
    </UnitTest>
    <UnitTest name="Correct_Total_Reduction_Amount" storage="c:\users\adam\documents\books\pro mvc 3\repository\source code\06 - essential tools\8. using moq\productapp.tests\bin\debug\productapp.tests.dll" id="06707c4c-c99e-0695-ce3a-bf0e53efaf2c">
      <Execution id="a539d136-4e79-42c1-a696-3e945b9e3e8a" />
      <TestMethod codeBase="C:/Users/Adam/Documents/Books/Pro MVC 3/repository/Source Code/06 - Essential Tools/8. Using Moq/ProductApp.Tests/bin/Debug/ProductApp.Tests.DLL" adapterTypeName="Microsoft.VisualStudio.TestTools.TestTypes.Unit.UnitTestAdapter, Microsoft.VisualStudio.QualityTools.Tips.UnitTest.Adapter, Version=10.0.0.0, Culture=neutral, PublicKeyToken=b03f5f7f11d50a3a" className="ProductApp.Tests.MyPriceReducerTest, ProductApp.Tests, Version=1.0.0.0, Culture=neutral, PublicKeyToken=null" name="Correct_Total_Reduction_Amount" />
    </UnitTest>
    <UnitTest name="No_Price_Less_Than_One_Dollar" storage="c:\users\adam\documents\books\pro mvc 3\repository\source code\06 - essential tools\8. using moq\productapp.tests\bin\debug\productapp.tests.dll" id="20843828-4c0f-5169-1810-052ee3d85276">
      <Execution id="235c3bc3-cd7a-4e71-a516-5adbe9ba996f" />
      <TestMethod codeBase="C:/Users/Adam/Documents/Books/Pro MVC 3/repository/Source Code/06 - Essential Tools/8. Using Moq/ProductApp.Tests/bin/Debug/ProductApp.Tests.DLL" adapterTypeName="Microsoft.VisualStudio.TestTools.TestTypes.Unit.UnitTestAdapter, Microsoft.VisualStudio.QualityTools.Tips.UnitTest.Adapter, Version=10.0.0.0, Culture=neutral, PublicKeyToken=b03f5f7f11d50a3a" className="ProductApp.Tests.MyPriceReducerTest, ProductApp.Tests, Version=1.0.0.0, Culture=neutral, PublicKeyToken=null" name="No_Price_Less_Than_One_Dollar" />
    </UnitTest>
    <UnitTest name="Update_Method_Called_For_Each_Product" storage="c:\users\adam\documents\books\pro mvc 3\repository\source code\06 - essential tools\8. using moq\productapp.tests\bin\debug\productapp.tests.dll" id="092a6096-84e7-686c-7825-c8df4f6c7e5b">
      <Execution id="8f993c62-c46b-4ece-bfda-0557731ef301" />
      <TestMethod codeBase="C:/Users/Adam/Documents/Books/Pro MVC 3/repository/Source Code/06 - Essential Tools/8. Using Moq/ProductApp.Tests/bin/Debug/ProductApp.Tests.DLL" adapterTypeName="Microsoft.VisualStudio.TestTools.TestTypes.Unit.UnitTestAdapter, Microsoft.VisualStudio.QualityTools.Tips.UnitTest.Adapter, Version=10.0.0.0, Culture=neutral, PublicKeyToken=b03f5f7f11d50a3a" className="ProductApp.Tests.MyPriceReducerTest, ProductApp.Tests, Version=1.0.0.0, Culture=neutral, PublicKeyToken=null" name="Update_Method_Called_For_Each_Product" />
    </UnitTest>
  </TestDefinitions>
  <TestLists>
    <TestList name="Results Not in a List" id="8c84fa94-04c1-424b-9868-57a2d4851a1d" />
    <TestList name="All Loaded Results" id="19431567-8539-422a-85d7-44ee4e166bda" />
  </TestLists>
  <TestEntries>
    <TestEntry testId="06707c4c-c99e-0695-ce3a-bf0e53efaf2c" executionId="a539d136-4e79-42c1-a696-3e945b9e3e8a" testListId="8c84fa94-04c1-424b-9868-57a2d4851a1d" />
    <TestEntry testId="092a6096-84e7-686c-7825-c8df4f6c7e5b" executionId="8f993c62-c46b-4ece-bfda-0557731ef301" testListId="8c84fa94-04c1-424b-9868-57a2d4851a1d" />
    <TestEntry testId="20843828-4c0f-5169-1810-052ee3d85276" executionId="235c3bc3-cd7a-4e71-a516-5adbe9ba996f" testListId="8c84fa94-04c1-424b-9868-57a2d4851a1d" />
    <TestEntry testId="7f84dc69-e051-e299-4937-eec64916109b" executionId="51dc8539-1900-46ab-a81d-22ae9deef0ac" testListId="8c84fa94-04c1-424b-9868-57a2d4851a1d" />
  </TestEntries>
  <Results>
    <UnitTestResult executionId="a539d136-4e79-42c1-a696-3e945b9e3e8a" testId="06707c4c-c99e-0695-ce3a-bf0e53efaf2c" testName="Correct_Total_Reduction_Amount" computerName="SHUTTLE" duration="00:00:00.2035705" startTime="2010-12-19T11:17:22.6954172+00:00" endTime="2010-12-19T11:17:23.2000408+00:00" testType="13cdc9d9-ddb5-4fa4-a97d-d965ccfc6d4b" outcome="Passed" testListId="8c84fa94-04c1-424b-9868-57a2d4851a1d" relativeResultsDirectory="a539d136-4e79-42c1-a696-3e945b9e3e8a">
    </UnitTestResult>
    <UnitTestResult executionId="8f993c62-c46b-4ece-bfda-0557731ef301" testId="092a6096-84e7-686c-7825-c8df4f6c7e5b" testName="Update_Method_Called_For_Each_Product" computerName="SHUTTLE" duration="00:00:00.0018781" startTime="2010-12-19T11:17:23.2030410+00:00" endTime="2010-12-19T11:17:23.2100414+00:00" testType="13cdc9d9-ddb5-4fa4-a97d-d965ccfc6d4b" outcome="Passed" testListId="8c84fa94-04c1-424b-9868-57a2d4851a1d" relativeResultsDirectory="8f993c62-c46b-4ece-bfda-0557731ef301">
    </UnitTestResult>
    <UnitTestResult executionId="235c3bc3-cd7a-4e71-a516-5adbe9ba996f" testId="20843828-4c0f-5169-1810-052ee3d85276" testName="No_Price_Less_Than_One_Dollar" computerName="SHUTTLE" duration="00:00:00.0005441" startTime="2010-12-19T11:17:23.2130416+00:00" endTime="2010-12-19T11:17:23.2180419+00:00" testType="13cdc9d9-ddb5-4fa4-a97d-d965ccfc6d4b" outcome="Passed" testListId="8c84fa94-04c1-424b-9868-57a2d4851a1d" relativeResultsDirectory="235c3bc3-cd7a-4e71-a516-5adbe9ba996f">
    </UnitTestResult>
    <UnitTestResult executionId="51dc8539-1900-46ab-a81d-22ae9deef0ac" testId="7f84dc69-e051-e299-4937-eec64916109b" testName="All_Prices_Are_Reduced" computerName="SHUTTLE" duration="00:00:00.0006589" startTime="2010-12-19T11:17:23.2210420+00:00" endTime="2010-12-19T11:17:23.2270424+00:00" testType="13cdc9d9-ddb5-4fa4-a97d-d965ccfc6d4b" outcome="Passed" testListId="8c84fa94-04c1-424b-9868-57a2d4851a1d" relativeResultsDirectory="51dc8539-1900-46ab-a81d-22ae9deef0ac">
    </UnitTestResult>
  </Results>
</TestRun>