<?xml version="1.0" encoding="UTF-8"?>
<TestRun id="f8377347-3b82-4db7-9b97-73db0f28b7ad" name="Adam@SHUTTLE 2010-12-18 15:09:24" runUser="Shuttle\Adam" xmlns="http://microsoft.com/schemas/VisualStudio/TeamTest/2010">
  <TestSettings name="Local" id="216ed2ee-9da8-4a94-b409-d8be71b00b3e">
    <Description>These are default test settings for a local test run.</Description>
    <Deployment enabled="false" runDeploymentRoot="Adam_SHUTTLE 2010-12-18 15_09_24">
      <DeploymentItem filename="C:\Users\Adam\Documents\Books\Pro MVC 3\repository\Source Code\04 - The MVC Pattern\TheMVCPattern\bin\TheMVCPattern.dll" />
    </Deployment>
    <Execution>
      <TestTypeSpecific />
      <AgentRule name="Execution Agents">
      </AgentRule>
    </Execution>
  </TestSettings>
  <Times creation="2010-12-18T15:09:24.8816127+00:00" queuing="2010-12-18T15:09:24.9016138+00:00" start="2010-12-18T15:09:24.9086142+00:00" finish="2010-12-18T15:09:25.2166319+00:00" />
  <ResultSummary outcome="Completed">
    <Counters total="1" executed="1" passed="1" error="0" failed="0" timeout="0" aborted="0" inconclusive="0" passedButRunAborted="0" notRunnable="0" notExecuted="0" disconnected="0" warning="0" completed="0" inProgress="0" pending="0" />
  </ResultSummary>
  <TestDefinitions>
    <UnitTest name="CannotAddLowerBid" storage="c:\users\adam\documents\books\pro mvc 3\repository\source code\04 - the mvc pattern\themvcpattern.tests\bin\debug\themvcpattern.tests.dll" id="1878683f-86b5-7c14-3699-010ddd575f19">
      <Execution id="5d031907-8b4c-4c87-b97f-d44ca1dab7b5" />
      <TestMethod codeBase="C:/Users/Adam/Documents/Books/Pro MVC 3/repository/Source Code/04 - The MVC Pattern/TheMVCPattern.Tests/bin/Debug/TheMVCPattern.Tests.DLL" adapterTypeName="Microsoft.VisualStudio.TestTools.TestTypes.Unit.UnitTestAdapter, Microsoft.VisualStudio.QualityTools.Tips.UnitTest.Adapter, Version=10.0.0.0, Culture=neutral, PublicKeyToken=b03f5f7f11d50a3a" className="TheMVCPattern.Tests.AdminControllerTest, TheMVCPattern.Tests, Version=1.0.0.0, Culture=neutral, PublicKeyToken=null" name="CannotAddLowerBid" />
    </UnitTest>
  </TestDefinitions>
  <TestLists>
    <TestList name="Results Not in a List" id="8c84fa94-04c1-424b-9868-57a2d4851a1d" />
    <TestList name="All Loaded Results" id="19431567-8539-422a-85d7-44ee4e166bda" />
  </TestLists>
  <TestEntries>
    <TestEntry testId="1878683f-86b5-7c14-3699-010ddd575f19" executionId="5d031907-8b4c-4c87-b97f-d44ca1dab7b5" testListId="8c84fa94-04c1-424b-9868-57a2d4851a1d" />
  </TestEntries>
  <Results>
    <UnitTestResult executionId="5d031907-8b4c-4c87-b97f-d44ca1dab7b5" testId="1878683f-86b5-7c14-3699-010ddd575f19" testName="CannotAddLowerBid" computerName="SHUTTLE" duration="00:00:00.0167751" startTime="2010-12-18T15:09:24.9126145+00:00" endTime="2010-12-18T15:09:25.1776296+00:00" testType="13cdc9d9-ddb5-4fa4-a97d-d965ccfc6d4b" outcome="Passed" testListId="8c84fa94-04c1-424b-9868-57a2d4851a1d" relativeResultsDirectory="5d031907-8b4c-4c87-b97f-d44ca1dab7b5">
    </UnitTestResult>
  </Results>
</TestRun>